2026-06-22 15:39:02,386 - INFO - ======================================================================
2026-06-22 15:39:02,386 - INFO - 出租车GPS数据清洗与OD提取脚本 - 第二阶段
2026-06-22 15:39:02,386 - INFO - ======================================================================
2026-06-22 15:39:02,386 - INFO - 执行时间: 2026-06-22 15:39:02
2026-06-22 15:39:02,386 - INFO - 
2026-06-22 15:39:02,386 - INFO - 【配置参数】
2026-06-22 15:39:02,386 - INFO -   RAW_DATA_PATH: data/raw/TaxiData.csv
2026-06-22 15:39:02,386 - INFO -   CLEANED_DATA_PATH: data/cleaned/taxi_cleaned.csv
2026-06-22 15:39:02,386 - INFO -   LOG_PATH: logs/clean_od_startup.log
2026-06-22 15:39:02,386 - INFO -   BASE_DATE: 2023-10-12
2026-06-22 15:39:02,386 - INFO -   CHUNK_SIZE: 5000000
2026-06-22 15:39:02,386 - INFO -   TIME_THRESHOLD_SEC: 60
2026-06-22 15:39:02,386 - INFO -   COLUMN_NAMES: ['id', 'time', 'long', 'lati', 'status', 'speed']
2026-06-22 15:39:02,387 - INFO -   PICKUP_OUTPUT_PATH: data/processed/pickup_points.csv
2026-06-22 15:39:02,387 - INFO -   DROPOFF_OUTPUT_PATH: data/processed/dropoff_points.csv
2026-06-22 15:39:02,387 - INFO - 
2026-06-22 15:39:02,387 - INFO - 【字段说明】
2026-06-22 15:39:02,387 - INFO -   id: 车辆唯一标识（字符串或整数）
2026-06-22 15:39:02,387 - INFO -   time: GPS采集时间（datetime64类型）
2026-06-22 15:39:02,387 - INFO -   long: 经度（浮点数）
2026-06-22 15:39:02,387 - INFO -   lati: 纬度（浮点数）
2026-06-22 15:39:02,387 - INFO -   status: 载客状态（1=载客，0=空客）
2026-06-22 15:39:02,387 - INFO -   speed: 瞬时速度（km/h，浮点数）
2026-06-22 15:39:02,387 - INFO - 
2026-06-22 15:39:02,387 - INFO - 【创建输出目录】
2026-06-22 15:39:02,387 - INFO - 创建目录: data/processed
2026-06-22 15:39:02,387 - INFO - 
2026-06-22 15:39:02,388 - INFO - 【开始分块读取与清洗】
2026-06-22 15:39:06,500 - INFO - 处理分块 1，原始行数: 5000000
2026-06-22 15:39:17,106 - INFO -   分块 1 清洗完成
2026-06-22 15:39:17,106 - INFO -     - 清洗后行数: 4988608
2026-06-22 15:39:17,106 - INFO -     - 剔除重复数: 6634
2026-06-22 15:39:17,106 - INFO -     - 剔除异常数: 4757
2026-06-22 15:39:21,498 - INFO - 处理分块 2，原始行数: 5000001
2026-06-22 15:39:32,738 - INFO -   分块 2 清洗完成
2026-06-22 15:39:32,739 - INFO -     - 清洗后行数: 4984125
2026-06-22 15:39:32,739 - INFO -     - 剔除重复数: 9309
2026-06-22 15:39:32,739 - INFO -     - 剔除异常数: 6566
2026-06-22 15:39:36,836 - INFO - 处理分块 3，原始行数: 5000001
2026-06-22 15:39:47,856 - INFO -   分块 3 清洗完成
2026-06-22 15:39:47,856 - INFO -     - 清洗后行数: 4983347
2026-06-22 15:39:47,857 - INFO -     - 剔除重复数: 7868
2026-06-22 15:39:47,857 - INFO -     - 剔除异常数: 8785
2026-06-22 15:39:52,063 - INFO - 处理分块 4，原始行数: 5000001
2026-06-22 15:40:06,247 - INFO -   分块 4 清洗完成
2026-06-22 15:40:06,247 - INFO -     - 清洗后行数: 4970380
2026-06-22 15:40:06,247 - INFO -     - 剔除重复数: 22747
2026-06-22 15:40:06,247 - INFO -     - 剔除异常数: 6873
2026-06-22 15:40:10,513 - INFO - 处理分块 5，原始行数: 5000001
2026-06-22 15:40:21,145 - INFO -   分块 5 清洗完成
2026-06-22 15:40:21,145 - INFO -     - 清洗后行数: 4988835
2026-06-22 15:40:21,145 - INFO -     - 剔除重复数: 5227
2026-06-22 15:40:21,145 - INFO -     - 剔除异常数: 5938
2026-06-22 15:40:25,551 - INFO - 处理分块 6，原始行数: 5000001
2026-06-22 15:40:36,150 - INFO -   分块 6 清洗完成
2026-06-22 15:40:36,150 - INFO -     - 清洗后行数: 4989224
2026-06-22 15:40:36,150 - INFO -     - 剔除重复数: 5065
2026-06-22 15:40:36,150 - INFO -     - 剔除异常数: 5711
2026-06-22 15:40:40,425 - INFO - 处理分块 7，原始行数: 5000001
2026-06-22 15:40:52,020 - INFO -   分块 7 清洗完成
2026-06-22 15:40:52,021 - INFO -     - 清洗后行数: 4985409
2026-06-22 15:40:52,021 - INFO -     - 剔除重复数: 5671
2026-06-22 15:40:52,021 - INFO -     - 剔除异常数: 8920
2026-06-22 15:40:56,699 - INFO - 处理分块 8，原始行数: 5000001
2026-06-22 15:41:07,946 - INFO -   分块 8 清洗完成
2026-06-22 15:41:07,946 - INFO -     - 清洗后行数: 4990426
2026-06-22 15:41:07,946 - INFO -     - 剔除重复数: 4282
2026-06-22 15:41:07,946 - INFO -     - 剔除异常数: 5292
2026-06-22 15:41:12,430 - INFO - 处理分块 9，原始行数: 5000001
2026-06-22 15:41:23,349 - INFO -   分块 9 清洗完成
2026-06-22 15:41:23,349 - INFO -     - 清洗后行数: 4992223
2026-06-22 15:41:23,349 - INFO -     - 剔除重复数: 4942
2026-06-22 15:41:23,349 - INFO -     - 剔除异常数: 2835
2026-06-22 15:41:25,221 - INFO - 处理分块 10，原始行数: 1927856
2026-06-22 15:41:29,368 - INFO -   分块 10 清洗完成
2026-06-22 15:41:29,369 - INFO -     - 清洗后行数: 1921066
2026-06-22 15:41:29,369 - INFO -     - 剔除重复数: 2836
2026-06-22 15:41:29,369 - INFO -     - 剔除异常数: 3953
2026-06-22 15:41:29,463 - INFO - 
2026-06-22 15:41:29,463 - INFO - 【合并清洗后数据】
2026-06-22 15:41:51,660 - INFO -   合并后总行数: 46793644
2026-06-22 15:41:51,661 - INFO - 
2026-06-22 15:41:51,661 - INFO - 【保存清洗后数据】
2026-06-22 15:42:24,567 - INFO - ======================================================================
2026-06-22 15:42:24,568 - INFO - 出租车GPS数据清洗与OD提取脚本 - 第二阶段
2026-06-22 15:42:24,568 - INFO - ======================================================================
2026-06-22 15:42:24,568 - INFO - 执行时间: 2026-06-22 15:42:24
2026-06-22 15:42:24,568 - INFO - 
2026-06-22 15:42:24,568 - INFO - 【配置参数】
2026-06-22 15:42:24,568 - INFO -   RAW_DATA_PATH: data/raw/TaxiData.csv
2026-06-22 15:42:24,568 - INFO -   CLEANED_DATA_PATH: data/cleaned/taxi_cleaned.csv
2026-06-22 15:42:24,568 - INFO -   LOG_PATH: logs/clean_od_startup.log
2026-06-22 15:42:24,568 - INFO -   BASE_DATE: 2023-10-12
2026-06-22 15:42:24,569 - INFO -   CHUNK_SIZE: 5000000
2026-06-22 15:42:24,569 - INFO -   TIME_THRESHOLD_SEC: 60
2026-06-22 15:42:24,569 - INFO -   COLUMN_NAMES: ['id', 'time', 'long', 'lati', 'status', 'speed']
2026-06-22 15:42:24,569 - INFO -   PICKUP_OUTPUT_PATH: data/processed/pickup_points.csv
2026-06-22 15:42:24,569 - INFO -   DROPOFF_OUTPUT_PATH: data/processed/dropoff_points.csv
2026-06-22 15:42:24,569 - INFO - 
2026-06-22 15:42:24,569 - INFO - 【字段说明】
2026-06-22 15:42:24,569 - INFO -   id: 车辆唯一标识（字符串或整数）
2026-06-22 15:42:24,569 - INFO -   time: GPS采集时间（datetime64类型）
2026-06-22 15:42:24,569 - INFO -   long: 经度（浮点数）
2026-06-22 15:42:24,569 - INFO -   lati: 纬度（浮点数）
2026-06-22 15:42:24,569 - INFO -   status: 载客状态（1=载客，0=空客）
2026-06-22 15:42:24,569 - INFO -   speed: 瞬时速度（km/h，浮点数）
2026-06-22 15:42:24,569 - INFO - 
2026-06-22 15:42:24,570 - INFO - 【创建输出目录】
2026-06-22 15:42:24,570 - INFO - 
2026-06-22 15:42:24,570 - INFO - 【开始分块读取与清洗】
2026-06-22 15:42:28,563 - INFO - 处理分块 1，原始行数: 5000000
2026-06-22 15:43:04,030 - INFO -   分块 1 清洗完成
2026-06-22 15:43:04,030 - INFO -     - 清洗后行数: 4988608
2026-06-22 15:43:04,030 - INFO -     - 剔除重复数: 6634
2026-06-22 15:43:04,030 - INFO -     - 剔除异常数: 4757
2026-06-22 15:45:39,527 - INFO -   已保存至: data/cleaned/taxi_cleaned.csv
2026-06-22 15:45:39,527 - INFO - 
2026-06-22 15:45:39,527 - INFO - 【清洗摘要】
2026-06-22 15:45:39,527 - INFO -   原始总行数: 46927855
2026-06-22 15:45:39,527 - INFO -   清洗后总行数: 46793644
2026-06-22 15:45:39,528 - INFO -   剔除重复行数: 74581
2026-06-22 15:45:39,528 - INFO -   剔除异常行数: 59630
2026-06-22 15:45:39,930 - INFO -   车辆数: 14728
2026-06-22 15:45:40,754 - INFO -   时间范围: 2023-10-12 00:00:00 至 2023-10-12 23:59:59
2026-06-22 15:45:40,754 - INFO - 
2026-06-22 15:45:40,754 - INFO - 【清洗规则说明】
2026-06-22 15:45:40,755 - INFO -   1. 重复值处理:
2026-06-22 15:45:40,755 - INFO -      - 同一id+time的记录，若status相同，保留第一条
2026-06-22 15:45:40,755 - INFO -      - 重复数为2且status不同(0和1)，保留status=0的记录
2026-06-22 15:45:40,755 - INFO -      - 重复数为3，按多数原则保留
2026-06-22 15:45:40,755 - INFO -   2. 异常状态剔除:
2026-06-22 15:45:40,755 - INFO -      - 孤立状态(0-1-0或1-0-1)且前后时间差<60秒
2026-06-22 15:45:40,755 - INFO - 
2026-06-22 15:45:40,755 - INFO - 【开始OD提取】
2026-06-22 15:46:03,468 - INFO -   上车点总数: 482379
2026-06-22 15:46:03,474 - INFO -   下车点总数: 481019
2026-06-22 15:46:03,474 - INFO - 
2026-06-22 15:46:03,474 - INFO - 【上车点样本（前10行）】
2026-06-22 15:46:03,486 - INFO -            id                time        long       lati  status  speed  status_chg
18    22223.0 2023-10-12 00:03:39  114.167732  22.562550       1     20         1.0
44    22223.0 2023-10-12 00:11:49  114.227264  22.554234       1     18         1.0
67    22223.0 2023-10-12 00:17:29  114.231598  22.562349       1     29         1.0
151   22223.0 2023-10-12 00:37:01  114.239700  22.563450       1     36         1.0
249   22223.0 2023-10-12 01:01:29  114.136467  22.575583       1     57         1.0
366   22223.0 2023-10-12 01:31:28  114.131752  22.582132       1     14         1.0
704   22223.0 2023-10-12 07:07:50  114.139282  22.576218       1     59         1.0
1130  22223.0 2023-10-12 11:24:23  114.146667  22.609516       1     31         1.0
1305  22223.0 2023-10-12 12:02:44  114.100487  22.541117       1     20         1.0
1356  22223.0 2023-10-12 12:15:24  114.114754  22.561399       1     46         1.0
2026-06-22 15:46:03,486 - INFO - 
2026-06-22 15:46:03,486 - INFO - 【下车点样本（前10行）】
2026-06-22 15:46:03,489 - INFO -            id                time        long       lati  status  speed  status_chg
11    22223.0 2023-10-12 00:02:16  114.163803  22.562349       0      0        -1.0
41    22223.0 2023-10-12 00:11:04  114.225487  22.552933       0     23        -1.0
59    22223.0 2023-10-12 00:15:35  114.229202  22.560150       0      0        -1.0
119   22223.0 2023-10-12 00:29:21  114.255898  22.591000       0     14        -1.0
222   22223.0 2023-10-12 00:54:58  114.119637  22.565916       0     38        -1.0
282   22223.0 2023-10-12 01:08:33  114.166786  22.608232       0      0        -1.0
458   22223.0 2023-10-12 01:50:42  114.175117  22.568649       0     14        -1.0
841   22223.0 2023-10-12 07:44:05  113.886848  22.547617       0      0        -1.0
1259  22223.0 2023-10-12 11:51:20  114.088264  22.543449       0      7        -1.0
1348  22223.0 2023-10-12 12:13:31  114.116798  22.560650       0     13        -1.0
2026-06-22 15:46:03,489 - INFO - 
2026-06-22 15:46:03,489 - INFO - 【保存上下车点数据】
2026-06-22 15:46:08,432 - INFO -   上车点已保存至: data/processed/pickup_points.csv
2026-06-22 15:46:08,432 - INFO -   下车点已保存至: data/processed/dropoff_points.csv
2026-06-22 15:46:08,432 - INFO - 
2026-06-22 15:46:08,432 - INFO - ======================================================================
2026-06-22 15:46:08,432 - INFO - 清洗与OD提取脚本执行完成
2026-06-22 15:46:08,432 - INFO - ======================================================================
2026-06-23 10:00:50,687 - INFO - ======================================================================
2026-06-23 10:00:50,687 - INFO - 出租车GPS数据清洗与OD提取脚本 - 第二阶段
2026-06-23 10:00:50,687 - INFO - ======================================================================
2026-06-23 10:00:50,687 - INFO - 执行时间: 2026-06-23 10:00:50
2026-06-23 10:00:50,688 - INFO - 
2026-06-23 10:00:50,688 - INFO - 【配置参数】
2026-06-23 10:00:50,688 - INFO -   RAW_DATA_PATH: data/raw/TaxiData.csv
2026-06-23 10:00:50,688 - INFO -   CLEANED_DATA_PATH: data/cleaned/taxi_cleaned.csv
2026-06-23 10:00:50,688 - INFO -   LOG_PATH: logs/clean_od_startup.log
2026-06-23 10:00:50,688 - INFO -   BASE_DATE: 2023-10-12
2026-06-23 10:00:50,688 - INFO -   TIME_THRESHOLD_SEC: 60
2026-06-23 10:00:50,688 - INFO -   COLUMN_NAMES: ['id', 'time', 'long', 'lati', 'status', 'speed']
2026-06-23 10:00:50,688 - INFO -   PICKUP_OUTPUT_PATH: data/processed/pickup_points.csv
2026-06-23 10:00:50,688 - INFO -   DROPOFF_OUTPUT_PATH: data/processed/dropoff_points.csv
2026-06-23 10:00:50,688 - INFO - 
2026-06-23 10:00:50,688 - INFO - 【字段说明】
2026-06-23 10:00:50,688 - INFO -   id: 车辆唯一标识（字符串或整数）
2026-06-23 10:00:50,688 - INFO -   time: GPS采集时间（datetime64类型）
2026-06-23 10:00:50,688 - INFO -   long: 经度（浮点数）
2026-06-23 10:00:50,688 - INFO -   lati: 纬度（浮点数）
2026-06-23 10:00:50,688 - INFO -   status: 载客状态（1=载客，0=空客）
2026-06-23 10:00:50,688 - INFO -   speed: 瞬时速度（km/h，浮点数）
2026-06-23 10:00:50,688 - INFO - 
2026-06-23 10:00:50,688 - INFO - 【创建输出目录】
2026-06-23 10:00:50,689 - INFO - 
2026-06-23 10:00:50,689 - INFO - 【开始整体读取与清洗】
2026-06-23 10:01:36,782 - INFO -   原始数据行数: 46927855
2026-06-23 10:05:20,328 - INFO -   清洗后行数: 46793567
2026-06-23 10:05:20,337 - INFO -   剔除重复数: 74664
2026-06-23 10:05:20,337 - INFO -   剔除异常数: 59624
2026-06-23 10:05:20,337 - INFO - 
2026-06-23 10:09:06,917 - INFO -   清洗后数据已保存至: data/cleaned/taxi_cleaned.csv
2026-06-23 10:09:06,918 - INFO - 
2026-06-23 10:09:06,918 - INFO - 【清洗摘要】
2026-06-23 10:09:06,918 - INFO -   原始总行数: 46927855
2026-06-23 10:09:06,918 - INFO -   清洗后总行数: 46793567
2026-06-23 10:09:06,918 - INFO -   剔除重复行数: 74664
2026-06-23 10:09:06,918 - INFO -   剔除异常行数: 59624
2026-06-23 10:09:07,334 - INFO -   车辆数: 14728
2026-06-23 10:09:08,293 - INFO -   时间范围: 2023-10-12 00:00:00 至 2023-10-12 23:59:59
2026-06-23 10:09:08,293 - INFO - 
2026-06-23 10:09:08,294 - INFO - 【清洗规则说明】
2026-06-23 10:09:08,294 - INFO -   1. 重复值处理:
2026-06-23 10:09:08,294 - INFO -      - 同一id+time的记录，若status相同，保留第一条
2026-06-23 10:09:08,294 - INFO -      - 重复数为2且status不同(0和1)，保留status=0的记录
2026-06-23 10:09:08,294 - INFO -      - 重复数为3，按多数原则保留
2026-06-23 10:09:08,294 - INFO -   2. 异常状态剔除:
2026-06-23 10:09:08,295 - INFO -      - 孤立状态(0-1-0或1-0-1)且前后时间差<60秒
2026-06-23 10:09:08,295 - INFO - 
2026-06-23 10:09:08,295 - INFO - 【开始OD提取】
2026-06-23 10:09:33,860 - INFO -   上车点总数: 482358
2026-06-23 10:09:33,860 - INFO -   下车点总数: 480998
2026-06-23 10:09:33,860 - INFO - 
2026-06-23 10:09:33,860 - INFO - 【上车点样本（前10行）】
2026-06-23 10:09:33,874 - INFO -            id                time        long       lati  status  speed  status_chg
18    22223.0 2023-10-12 00:03:39  114.167732  22.562550       1     20         1.0
44    22223.0 2023-10-12 00:11:49  114.227264  22.554234       1     18         1.0
67    22223.0 2023-10-12 00:17:29  114.231598  22.562349       1     29         1.0
151   22223.0 2023-10-12 00:37:01  114.239700  22.563450       1     36         1.0
249   22223.0 2023-10-12 01:01:29  114.136467  22.575583       1     57         1.0
366   22223.0 2023-10-12 01:31:28  114.131752  22.582132       1     14         1.0
704   22223.0 2023-10-12 07:07:50  114.139282  22.576218       1     59         1.0
1130  22223.0 2023-10-12 11:24:23  114.146667  22.609516       1     31         1.0
1305  22223.0 2023-10-12 12:02:44  114.100487  22.541117       1     20         1.0
1356  22223.0 2023-10-12 12:15:24  114.114754  22.561399       1     46         1.0
2026-06-23 10:09:33,875 - INFO - 
2026-06-23 10:09:33,875 - INFO - 【下车点样本（前10行）】
2026-06-23 10:09:33,879 - INFO -            id                time        long       lati  status  speed  status_chg
11    22223.0 2023-10-12 00:02:16  114.163803  22.562349       0      0        -1.0
41    22223.0 2023-10-12 00:11:04  114.225487  22.552933       0     23        -1.0
59    22223.0 2023-10-12 00:15:35  114.229202  22.560150       0      0        -1.0
119   22223.0 2023-10-12 00:29:21  114.255898  22.591000       0     14        -1.0
222   22223.0 2023-10-12 00:54:58  114.119637  22.565916       0     38        -1.0
282   22223.0 2023-10-12 01:08:33  114.166786  22.608232       0      0        -1.0
458   22223.0 2023-10-12 01:50:42  114.175117  22.568649       0     14        -1.0
841   22223.0 2023-10-12 07:44:05  113.886848  22.547617       0      0        -1.0
1259  22223.0 2023-10-12 11:51:20  114.088264  22.543449       0      7        -1.0
1348  22223.0 2023-10-12 12:13:31  114.116798  22.560650       0     13        -1.0
2026-06-23 10:09:33,880 - INFO - 
2026-06-23 10:09:33,880 - INFO - 【保存上下车点数据】
2026-06-23 10:09:39,265 - INFO -   上车点已保存至: data/processed/pickup_points.csv
2026-06-23 10:09:39,265 - INFO -   下车点已保存至: data/processed/dropoff_points.csv
2026-06-23 10:09:39,265 - INFO - 
2026-06-23 10:09:39,265 - INFO - ======================================================================
2026-06-23 10:09:39,265 - INFO - 清洗与OD提取脚本执行完成
2026-06-23 10:09:39,265 - INFO - ======================================================================
2026-06-23 10:12:33,286 - INFO - ======================================================================
2026-06-23 10:12:33,286 - INFO - 出租车GPS数据清洗与OD提取脚本 - 第二阶段
2026-06-23 10:12:33,286 - INFO - ======================================================================
2026-06-23 10:12:33,286 - INFO - 执行时间: 2026-06-23 10:12:33
2026-06-23 10:12:33,286 - INFO - 
2026-06-23 10:12:33,286 - INFO - 【配置参数】
2026-06-23 10:12:33,286 - INFO -   RAW_DATA_PATH: data/raw/TaxiData.csv
2026-06-23 10:12:33,286 - INFO -   CLEANED_DATA_PATH: data/cleaned/taxi_cleaned.csv
2026-06-23 10:12:33,286 - INFO -   LOG_PATH: logs/clean_od_startup.log
2026-06-23 10:12:33,286 - INFO -   BASE_DATE: 2023-10-12
2026-06-23 10:12:33,286 - INFO -   CHUNK_SIZE: 5000000
2026-06-23 10:12:33,286 - INFO -   TIME_THRESHOLD_SEC: 60
2026-06-23 10:12:33,287 - INFO -   COLUMN_NAMES: ['id', 'time', 'long', 'lati', 'status', 'speed']
2026-06-23 10:12:33,287 - INFO -   PICKUP_OUTPUT_PATH: data/processed/pickup_points.csv
2026-06-23 10:12:33,287 - INFO -   DROPOFF_OUTPUT_PATH: data/processed/dropoff_points.csv
2026-06-23 10:12:33,287 - INFO - 
2026-06-23 10:12:33,287 - INFO - 【字段说明】
2026-06-23 10:12:33,287 - INFO -   id: 车辆唯一标识（字符串或整数）
2026-06-23 10:12:33,287 - INFO -   time: GPS采集时间（datetime64类型）
2026-06-23 10:12:33,287 - INFO -   long: 经度（浮点数）
2026-06-23 10:12:33,287 - INFO -   lati: 纬度（浮点数）
2026-06-23 10:12:33,287 - INFO -   status: 载客状态（1=载客，0=空客）
2026-06-23 10:12:33,287 - INFO -   speed: 瞬时速度（km/h，浮点数）
2026-06-23 10:12:33,287 - INFO - 
2026-06-23 10:12:33,287 - INFO - 【创建输出目录】
2026-06-23 10:12:33,287 - INFO - 
2026-06-23 10:12:33,288 - INFO - 【开始分块读取与清洗】
2026-06-23 10:12:38,075 - INFO - 处理分块 1，原始行数: 5000000
2026-06-23 10:13:16,003 - INFO -   分块 1 清洗完成
2026-06-23 10:13:16,003 - INFO -     - 清洗后行数: 4988608
2026-06-23 10:13:16,003 - INFO -     - 剔除重复数: 6634
2026-06-23 10:13:16,003 - INFO -     - 剔除异常数: 4757
2026-06-23 10:13:20,714 - INFO - 处理分块 2，原始行数: 5000001
2026-06-23 10:13:57,321 - INFO -   分块 2 清洗完成
2026-06-23 10:13:57,321 - INFO -     - 清洗后行数: 4984125
2026-06-23 10:13:57,321 - INFO -     - 剔除重复数: 9309
2026-06-23 10:13:57,322 - INFO -     - 剔除异常数: 6566
2026-06-23 10:14:02,060 - INFO - 处理分块 3，原始行数: 5000001
2026-06-23 10:14:38,413 - INFO -   分块 3 清洗完成
2026-06-23 10:14:38,413 - INFO -     - 清洗后行数: 4983347
2026-06-23 10:14:38,413 - INFO -     - 剔除重复数: 7868
2026-06-23 10:14:38,413 - INFO -     - 剔除异常数: 8785
2026-06-23 10:14:43,497 - INFO - 处理分块 4，原始行数: 5000001
2026-06-23 10:15:26,271 - INFO -   分块 4 清洗完成
2026-06-23 10:15:26,272 - INFO -     - 清洗后行数: 4970380
2026-06-23 10:15:26,272 - INFO -     - 剔除重复数: 22747
2026-06-23 10:15:26,272 - INFO -     - 剔除异常数: 6873
2026-06-23 10:15:31,630 - INFO - 处理分块 5，原始行数: 5000001
2026-06-23 10:16:08,025 - INFO -   分块 5 清洗完成
2026-06-23 10:16:08,025 - INFO -     - 清洗后行数: 4988835
2026-06-23 10:16:08,025 - INFO -     - 剔除重复数: 5227
2026-06-23 10:16:08,025 - INFO -     - 剔除异常数: 5938
2026-06-23 10:16:12,400 - INFO - 处理分块 6，原始行数: 5000001
2026-06-23 10:16:46,710 - INFO -   分块 6 清洗完成
2026-06-23 10:16:46,710 - INFO -     - 清洗后行数: 4989224
2026-06-23 10:16:46,710 - INFO -     - 剔除重复数: 5065
2026-06-23 10:16:46,711 - INFO -     - 剔除异常数: 5711
2026-06-23 10:16:51,121 - INFO - 处理分块 7，原始行数: 5000001
2026-06-23 10:17:22,802 - INFO - ======================================================================
2026-06-23 10:17:22,803 - INFO - 出租车GPS数据清洗与OD提取脚本 - 第二阶段
2026-06-23 10:17:22,803 - INFO - ======================================================================
2026-06-23 10:17:22,803 - INFO - 执行时间: 2026-06-23 10:17:22
2026-06-23 10:17:22,803 - INFO - 
2026-06-23 10:17:22,803 - INFO - 【配置参数】
2026-06-23 10:17:22,803 - INFO -   RAW_DATA_PATH: data/raw/TaxiData.csv
2026-06-23 10:17:22,803 - INFO -   CLEANED_DATA_PATH: data/cleaned/taxi_cleaned.csv
2026-06-23 10:17:22,803 - INFO -   LOG_PATH: logs/clean_od_startup.log
2026-06-23 10:17:22,803 - INFO -   BASE_DATE: 2023-10-12
2026-06-23 10:17:22,803 - INFO -   TIME_THRESHOLD_SEC: 60
2026-06-23 10:17:22,803 - INFO -   COLUMN_NAMES: ['id', 'time', 'long', 'lati', 'status', 'speed']
2026-06-23 10:17:22,803 - INFO -   PICKUP_OUTPUT_PATH: data/processed/pickup_points.csv
2026-06-23 10:17:22,803 - INFO -   DROPOFF_OUTPUT_PATH: data/processed/dropoff_points.csv
2026-06-23 10:17:22,803 - INFO - 
2026-06-23 10:17:22,804 - INFO - 【字段说明】
2026-06-23 10:17:22,804 - INFO -   id: 车辆唯一标识（字符串或整数）
2026-06-23 10:17:22,804 - INFO -   time: GPS采集时间（datetime64类型）
2026-06-23 10:17:22,804 - INFO -   long: 经度（浮点数）
2026-06-23 10:17:22,804 - INFO -   lati: 纬度（浮点数）
2026-06-23 10:17:22,804 - INFO -   status: 载客状态（1=载客，0=空客）
2026-06-23 10:17:22,804 - INFO -   speed: 瞬时速度（km/h，浮点数）
2026-06-23 10:17:22,805 - INFO - 
2026-06-23 10:17:22,805 - INFO - 【创建输出目录】
2026-06-23 10:17:22,805 - INFO - 
2026-06-23 10:17:22,805 - INFO - 【开始整体读取与清洗】
2026-06-23 10:18:02,837 - INFO -   原始数据行数: 46927855
2026-06-23 10:20:48,707 - INFO -   清洗后行数: 46793567
2026-06-23 10:20:48,712 - INFO -   剔除重复数: 74664
2026-06-23 10:20:48,712 - INFO -   剔除异常数: 59624
2026-06-23 10:20:48,712 - INFO - 
2026-06-23 10:24:20,774 - INFO -   清洗后数据已保存至: data/cleaned/taxi_cleaned.csv
2026-06-23 10:24:20,774 - INFO - 
2026-06-23 10:24:20,774 - INFO - 【清洗摘要】
2026-06-23 10:24:20,774 - INFO -   原始总行数: 46927855
2026-06-23 10:24:20,774 - INFO -   清洗后总行数: 46793567
2026-06-23 10:24:20,775 - INFO -   剔除重复行数: 74664
2026-06-23 10:24:20,775 - INFO -   剔除异常行数: 59624
2026-06-23 10:24:21,158 - INFO -   车辆数: 14728
2026-06-23 10:24:21,838 - INFO -   时间范围: 2023-10-12 00:00:00 至 2023-10-12 23:59:59
2026-06-23 10:24:21,838 - INFO - 
2026-06-23 10:24:21,838 - INFO - 【清洗规则说明】
2026-06-23 10:24:21,838 - INFO -   1. 重复值处理:
2026-06-23 10:24:21,838 - INFO -      - 同一id+time的记录，若status相同，保留第一条
2026-06-23 10:24:21,838 - INFO -      - 重复数为2且status不同(0和1)，保留status=0的记录
2026-06-23 10:24:21,838 - INFO -      - 重复数为3，按多数原则保留
2026-06-23 10:24:21,838 - INFO -   2. 异常状态剔除:
2026-06-23 10:24:21,838 - INFO -      - 孤立状态(0-1-0或1-0-1)且前后时间差<60秒
2026-06-23 10:24:21,838 - INFO - 
2026-06-23 10:24:21,838 - INFO - 【开始OD提取】
2026-06-23 10:24:40,298 - INFO -   上车点总数: 482358
2026-06-23 10:24:40,298 - INFO -   下车点总数: 480998
2026-06-23 10:24:40,298 - INFO - 
2026-06-23 10:24:40,298 - INFO - 【上车点样本（前10行）】
2026-06-23 10:24:40,307 - INFO -            id                time        long       lati  status  speed  status_chg
18    22223.0 2023-10-12 00:03:39  114.167732  22.562550       1     20         1.0
44    22223.0 2023-10-12 00:11:49  114.227264  22.554234       1     18         1.0
67    22223.0 2023-10-12 00:17:29  114.231598  22.562349       1     29         1.0
151   22223.0 2023-10-12 00:37:01  114.239700  22.563450       1     36         1.0
249   22223.0 2023-10-12 01:01:29  114.136467  22.575583       1     57         1.0
366   22223.0 2023-10-12 01:31:28  114.131752  22.582132       1     14         1.0
704   22223.0 2023-10-12 07:07:50  114.139282  22.576218       1     59         1.0
1130  22223.0 2023-10-12 11:24:23  114.146667  22.609516       1     31         1.0
1305  22223.0 2023-10-12 12:02:44  114.100487  22.541117       1     20         1.0
1356  22223.0 2023-10-12 12:15:24  114.114754  22.561399       1     46         1.0
2026-06-23 10:24:40,307 - INFO - 
2026-06-23 10:24:40,307 - INFO - 【下车点样本（前10行）】
2026-06-23 10:24:40,311 - INFO -            id                time        long       lati  status  speed  status_chg
11    22223.0 2023-10-12 00:02:16  114.163803  22.562349       0      0        -1.0
41    22223.0 2023-10-12 00:11:04  114.225487  22.552933       0     23        -1.0
59    22223.0 2023-10-12 00:15:35  114.229202  22.560150       0      0        -1.0
119   22223.0 2023-10-12 00:29:21  114.255898  22.591000       0     14        -1.0
222   22223.0 2023-10-12 00:54:58  114.119637  22.565916       0     38        -1.0
282   22223.0 2023-10-12 01:08:33  114.166786  22.608232       0      0        -1.0
458   22223.0 2023-10-12 01:50:42  114.175117  22.568649       0     14        -1.0
841   22223.0 2023-10-12 07:44:05  113.886848  22.547617       0      0        -1.0
1259  22223.0 2023-10-12 11:51:20  114.088264  22.543449       0      7        -1.0
1348  22223.0 2023-10-12 12:13:31  114.116798  22.560650       0     13        -1.0
2026-06-23 10:24:40,311 - INFO - 
2026-06-23 10:24:40,311 - INFO - 【保存上下车点数据】
2026-06-23 10:24:45,156 - INFO -   上车点已保存至: data/processed/pickup_points.csv
2026-06-23 10:24:45,156 - INFO -   下车点已保存至: data/processed/dropoff_points.csv
2026-06-23 10:24:45,156 - INFO - 
2026-06-23 10:24:45,156 - INFO - ======================================================================
2026-06-23 10:24:45,156 - INFO - 清洗与OD提取脚本执行完成
2026-06-23 10:24:45,156 - INFO - ======================================================================
