2026-06-23 10:57:14,571 - INFO - ======================================================================
2026-06-23 10:57:14,572 - INFO - 第三阶段：OD 完成与缓存构建
2026-06-23 10:57:14,572 - INFO - ======================================================================
2026-06-23 10:57:14,572 - INFO - 执行时间: 2026-06-23 10:57:14
2026-06-23 10:57:14,572 - INFO - 
2026-06-23 10:57:14,572 - INFO - 【配置参数】
2026-06-23 10:57:14,572 - INFO -   PICKUP_PATH: data/processed/pickup_points.csv
2026-06-23 10:57:14,572 - INFO -   DROPOFF_PATH: data/processed/dropoff_points.csv
2026-06-23 10:57:14,572 - INFO -   CLEANED_DATA_PATH: data/cleaned/taxi_cleaned.csv
2026-06-23 10:57:14,572 - INFO -   OD_TABLE_PATH: data/processed/od_table.csv
2026-06-23 10:57:14,572 - INFO -   VEHICLE_CACHE_DIR: cache/vehicles/
2026-06-23 10:57:14,572 - INFO -   MINUTE_CACHE_DIR: cache/minutes/
2026-06-23 10:57:14,572 - INFO -   OD_CACHE_PATH: cache/od_cache.pkl
2026-06-23 10:57:14,573 - INFO -   MINUTE_RESAMPLE_FREQ: 1min
2026-06-23 10:57:14,573 - INFO -   ABNORMAL_TIME_THRESHOLD: 7200
2026-06-23 10:57:14,573 - INFO -   ABNORMAL_DISTANCE_THRESHOLD: 100
2026-06-23 10:57:14,573 - INFO -   CITY_LAT_MIN: 22.4
2026-06-23 10:57:14,573 - INFO -   CITY_LAT_MAX: 22.6
2026-06-23 10:57:14,573 - INFO -   CITY_LNG_MIN: 113.9
2026-06-23 10:57:14,573 - INFO -   CITY_LNG_MAX: 114.3
2026-06-23 10:57:14,573 - INFO -   LOG_PATH: logs/od_cache_startup.log
2026-06-23 10:57:14,573 - INFO - 
2026-06-23 10:57:14,574 - INFO - 创建目录: cache/vehicles/
2026-06-23 10:57:14,574 - INFO - 创建目录: cache/minutes/
2026-06-23 10:57:14,574 - INFO - 【读取上车点和下车点数据】
2026-06-23 10:57:15,649 - INFO -   上车点数量: 482358
2026-06-23 10:57:15,649 - INFO -   下车点数量: 480998
2026-06-23 10:57:15,649 - INFO - 
2026-06-23 10:57:15,649 - INFO - 【构建 OD 订单表】
2026-06-23 10:57:15,649 - INFO - 开始 OD 配对
2026-06-23 10:58:14,229 - INFO - 配对完成，初始订单数: 478892
2026-06-23 10:58:14,392 - INFO - 开始过滤异常订单
2026-06-23 10:58:35,921 - INFO - ======================================================================
2026-06-23 10:58:35,921 - INFO - 第三阶段：OD 完成与缓存构建
2026-06-23 10:58:35,921 - INFO - ======================================================================
2026-06-23 10:58:35,921 - INFO - 执行时间: 2026-06-23 10:58:35
2026-06-23 10:58:35,921 - INFO - 
2026-06-23 10:58:35,921 - INFO - 【配置参数】
2026-06-23 10:58:35,921 - INFO -   PICKUP_PATH: data/processed/pickup_points.csv
2026-06-23 10:58:35,921 - INFO -   DROPOFF_PATH: data/processed/dropoff_points.csv
2026-06-23 10:58:35,921 - INFO -   CLEANED_DATA_PATH: data/cleaned/taxi_cleaned.csv
2026-06-23 10:58:35,921 - INFO -   OD_TABLE_PATH: data/processed/od_table.csv
2026-06-23 10:58:35,922 - INFO -   VEHICLE_CACHE_DIR: cache/vehicles/
2026-06-23 10:58:35,922 - INFO -   MINUTE_CACHE_DIR: cache/minutes/
2026-06-23 10:58:35,922 - INFO -   OD_CACHE_PATH: cache/od_cache.pkl
2026-06-23 10:58:35,922 - INFO -   MINUTE_RESAMPLE_FREQ: 1min
2026-06-23 10:58:35,922 - INFO -   ABNORMAL_TIME_THRESHOLD: 7200
2026-06-23 10:58:35,922 - INFO -   ABNORMAL_DISTANCE_THRESHOLD: 100
2026-06-23 10:58:35,922 - INFO -   CITY_LAT_MIN: 22.4
2026-06-23 10:58:35,922 - INFO -   CITY_LAT_MAX: 22.6
2026-06-23 10:58:35,922 - INFO -   CITY_LNG_MIN: 113.9
2026-06-23 10:58:35,922 - INFO -   CITY_LNG_MAX: 114.3
2026-06-23 10:58:35,922 - INFO -   LOG_PATH: logs/od_cache_startup.log
2026-06-23 10:58:35,922 - INFO - 
2026-06-23 10:58:35,922 - INFO - 【读取上车点和下车点数据】
2026-06-23 10:58:36,971 - INFO -   上车点数量: 482358
2026-06-23 10:58:36,972 - INFO -   下车点数量: 480998
2026-06-23 10:58:36,972 - INFO - 
2026-06-23 10:58:36,972 - INFO - 【构建 OD 订单表】
2026-06-23 10:58:36,972 - INFO - 开始 OD 配对
2026-06-23 10:59:35,190 - INFO - 配对完成，初始订单数: 478892
2026-06-23 10:59:35,356 - INFO - 开始过滤异常订单
2026-06-23 10:59:35,929 - INFO - 过滤前订单数: 478892
2026-06-23 10:59:35,929 - INFO - 时长异常: 4434
2026-06-23 10:59:35,929 - INFO - 距离异常: 1660
2026-06-23 10:59:35,929 - INFO - 坐标越界: 179160
2026-06-23 10:59:35,930 - INFO - 过滤后订单数: 296748
2026-06-23 10:59:39,259 - INFO -   OD 表已保存至: data/processed/od_table.csv
2026-06-23 10:59:39,260 - INFO - 
2026-06-23 10:59:39,260 - INFO - 【构建车辆缓存】
2026-06-23 11:00:36,001 - INFO - 开始构建车辆缓存
2026-06-23 11:00:37,218 - INFO - 车辆总数: 14728
2026-06-23 11:05:15,374 - INFO - 车辆缓存构建完成，共 14728 个文件
2026-06-23 11:05:15,644 - INFO - 
2026-06-23 11:05:15,644 - INFO - 【构建分钟缓存】
2026-06-23 11:05:15,644 - INFO - 开始构建分钟缓存
2026-06-23 11:05:15,694 - INFO - 待处理车辆文件数: 14728
2026-06-23 14:50:25,261 - INFO - ======================================================================
2026-06-23 14:50:25,262 - INFO - 第三阶段：OD 完成与缓存构建
2026-06-23 14:50:25,262 - INFO - ======================================================================
2026-06-23 14:50:25,262 - INFO - 执行时间: 2026-06-23 14:50:25
2026-06-23 14:50:25,263 - INFO - 
2026-06-23 14:50:25,263 - INFO - 【配置参数】
2026-06-23 14:50:25,263 - INFO -   PICKUP_PATH: data/processed/pickup_points.csv
2026-06-23 14:50:25,263 - INFO -   DROPOFF_PATH: data/processed/dropoff_points.csv
2026-06-23 14:50:25,263 - INFO -   CLEANED_DATA_PATH: data/cleaned/taxi_cleaned.csv
2026-06-23 14:50:25,263 - INFO -   OD_TABLE_PATH: data/processed/od_table.csv
2026-06-23 14:50:25,263 - INFO -   VEHICLE_CACHE_DIR: cache/vehicles/
2026-06-23 14:50:25,263 - INFO -   MINUTE_CACHE_DIR: cache/minutes/
2026-06-23 14:50:25,263 - INFO -   OD_CACHE_PATH: cache/od_cache.pkl
2026-06-23 14:50:25,263 - INFO -   MINUTE_RESAMPLE_FREQ: 1min
2026-06-23 14:50:25,263 - INFO -   ABNORMAL_TIME_THRESHOLD: 7200
2026-06-23 14:50:25,263 - INFO -   ABNORMAL_DISTANCE_THRESHOLD: 100
2026-06-23 14:50:25,263 - INFO -   CITY_LAT_MIN: 22.4
2026-06-23 14:50:25,263 - INFO -   CITY_LAT_MAX: 22.6
2026-06-23 14:50:25,263 - INFO -   CITY_LNG_MIN: 113.9
2026-06-23 14:50:25,263 - INFO -   CITY_LNG_MAX: 114.3
2026-06-23 14:50:25,264 - INFO -   LOG_PATH: logs/od_cache_startup.log
2026-06-23 14:50:25,264 - INFO - 
2026-06-23 14:50:25,264 - INFO - 【读取上车点和下车点数据】
2026-06-23 14:50:26,301 - INFO -   上车点数量: 482358
2026-06-23 14:50:26,301 - INFO -   下车点数量: 480998
2026-06-23 14:50:26,301 - INFO - 
2026-06-23 14:50:26,301 - INFO - 【构建 OD 订单表】
2026-06-23 14:50:26,301 - INFO - 开始 OD 配对
2026-06-23 14:51:24,256 - INFO - 配对完成，初始订单数: 478892
2026-06-23 14:51:24,448 - INFO - 开始过滤异常订单
2026-06-23 14:51:24,933 - INFO - 过滤前订单数: 478892
2026-06-23 14:51:24,933 - INFO - 时长异常: 4434
2026-06-23 14:51:24,934 - INFO - 距离异常: 1660
2026-06-23 14:51:24,934 - INFO - 坐标越界: 179160
2026-06-23 14:51:24,934 - INFO - 过滤后订单数: 296748
2026-06-23 14:51:28,394 - INFO -   OD 表已保存至: data/processed/od_table.csv
2026-06-23 14:51:28,394 - INFO - 
2026-06-23 14:51:28,394 - INFO - 【构建车辆缓存】
2026-06-23 14:52:27,877 - INFO - 开始构建车辆缓存
2026-06-23 14:52:28,851 - INFO - 车辆总数: 14728
2026-06-23 14:57:04,667 - INFO - 车辆缓存构建完成，共 14728 个文件
2026-06-23 14:57:05,178 - INFO - 
2026-06-23 14:57:05,178 - INFO - 【构建分钟缓存】
2026-06-23 14:57:05,179 - INFO - 开始构建分钟缓存
2026-06-23 14:57:05,236 - INFO - 待处理车辆文件数: 14728
2026-06-23 15:40:48,792 - INFO - 生成分钟数据点数: 1440
2026-06-23 15:46:31,548 - INFO - 分钟缓存构建完成
2026-06-23 15:47:01,443 - INFO - 
2026-06-23 15:47:01,444 - INFO - 【构建 OD 缓存】
2026-06-23 15:47:01,444 - INFO - 开始构建 OD 缓存
2026-06-23 15:47:01,674 - INFO - OD 缓存构建完成，文件大小: 30.57 MB
2026-06-23 15:47:01,674 - INFO - 
2026-06-23 15:47:01,674 - INFO - 【验证输出】
2026-06-23 15:47:01,674 - INFO - 开始验证输出
2026-06-23 15:47:01,698 - INFO - OD 表前5条记录:
2026-06-23 15:47:01,735 - INFO -    O_TAXI_ID               O_time      O_lat       O_lng  O_HEAD  O_SPEED  O_FLAG               D_time      D_lat       D_lng  D_HEAD  D_SPEED  D_FLAG  OD_Time_s  OD_Dist_km
0    22223.0  2023-10-12 00:03:39  22.562550  114.167732     NaN       20       1  2023-10-12 00:11:04  22.552933  114.225487     NaN       23       0      445.0    6.026369
1    22223.0  2023-10-12 00:11:49  22.554234  114.227264     NaN       18       1  2023-10-12 00:15:35  22.560150  114.229202     NaN        0       0      226.0    0.687273
2    22223.0  2023-10-12 00:17:29  22.562349  114.231598     NaN       29       1  2023-10-12 00:29:21  22.591000  114.255898     NaN       14       0      712.0    4.046541
3    22223.0  2023-10-12 00:37:01  22.563450  114.239700     NaN       36       1  2023-10-12 00:54:58  22.565916  114.119637     NaN       38       0     1077.0   12.331431
4    22223.0  2023-10-12 01:31:28  22.582132  114.131752     NaN       14       1  2023-10-12 01:50:42  22.568649  114.175117     NaN       14       0     1154.0    4.698122
2026-06-23 15:47:01,859 - INFO - 
车辆缓存样本 (28500.csv):
2026-06-23 15:47:01,861 - INFO -         id                 time        long       lati  status  speed
0  28500.0  2023-10-12 00:00:51  114.100998  22.600800       0      0
1  28500.0  2023-10-12 00:01:21  114.100998  22.600901       0      0
2  28500.0  2023-10-12 00:01:51  114.100700  22.601299       0     18
3  28500.0  2023-10-12 00:02:25  114.101898  22.598000       0     22
4  28500.0  2023-10-12 00:02:55  114.102501  22.593500       0     18
2026-06-23 15:47:01,876 - INFO - 
分钟缓存样本 (54.csv):
2026-06-23 15:47:01,878 - INFO -    vehicle_id        long       lati  status  speed
0       28500  114.120300  22.611601     0.0    6.0
1       27633  114.064133  22.537117     1.0    0.0
2       31051  114.018471  22.633818     1.0    0.0
3       25024  114.061668  22.526382     0.0    0.0
4       32558  114.044296  22.552383     1.0   12.0
2026-06-23 15:47:01,879 - INFO - 
2026-06-23 15:47:01,879 - INFO - 【执行摘要】
2026-06-23 15:47:01,879 - INFO -   原始上车点: 482358
2026-06-23 15:47:01,879 - INFO -   原始下车点: 480998
2026-06-23 15:47:01,879 - INFO -   配对后订单: 478892
2026-06-23 15:47:01,879 - INFO -   过滤异常订单: 182144
2026-06-23 15:47:01,879 - INFO -     - 时长异常: 4434
2026-06-23 15:47:01,879 - INFO -     - 距离异常: 1660
2026-06-23 15:47:01,879 - INFO -     - 坐标越界: 179160
2026-06-23 15:47:01,879 - INFO -   有效订单数: 296748
2026-06-23 15:47:01,879 - INFO -   车辆缓存文件数: 14728
2026-06-23 15:47:01,879 - INFO -   分钟缓存文件数: 1440
2026-06-23 15:47:01,879 - INFO -   OD 缓存大小: 30.57 MB
2026-06-23 15:47:01,879 - INFO - 
2026-06-23 15:47:01,879 - INFO - ======================================================================
2026-06-23 15:47:01,879 - INFO - 第三阶段完成
2026-06-23 15:47:01,879 - INFO - ======================================================================
